OK assets/AboutPage-B6z20uGD.js
OK assets/AnalyzerPage-D446D0KX.css
OK assets/AnalyzerPage-RNo5ZYdi.js
OK assets/AssessmentPage-D6rXq78h.js
OK assets/AssessmentPage-DXpUlXQb.css
OK assets/ContactPage-DPsvwZ9k.js
OK assets/ContactPage-DmP0hBfX.css
OK assets/EarthquakeMap-Bh4es_gL.js
OK assets/EarthquakeMap-D5zJ1QRi.css
OK assets/EarthquakesPage-CEghi4uf.js
OK assets/EarthquakesPage-CyWOPtVR.css
OK assets/EducationPage-B4mrnFv_.js
OK assets/EducationPage-Dq9VNHdv.css
OK assets/KnowledgeArticlePage-CK9-kide.js
OK assets/KnowledgeIndexPage-D37pHnYh.js
OK assets/MediaUploadField-6tGvr4RF.css
OK assets/MediaUploadField-CwHoPXlQ.js
OK assets/PortfolioPage-CLhfIl0Y.js
OK assets/ProblemPage-D4vwWCpm.js
OK assets/ProblemsIndexPage-BFka-q7w.js
OK assets/ProjectDetailPage-C9KG_WTW.js
OK assets/SectionReveal-CoZPBeTO.js
OK assets/ServiceCategoryPage-3yj7g1kI.js
OK assets/ServicePage-PO8BFa8x.js
OK assets/ServicesIndexPage-C34ZwVP9.js
OK assets/archivo-black-latin-400-normal-BTVu2TQR.woff2
OK assets/archivo-black-latin-400-normal-HW9MwEcM.woff
OK assets/archivo-latin-400-normal-Bl602Mgc.woff
OK assets/archivo-latin-400-normal-C81ewxNO.woff2
OK assets/archivo-latin-500-normal-CGugC8dq.woff2
OK assets/archivo-latin-500-normal-pkzA7jw9.woff
OK assets/archivo-latin-600-normal-3BBy0ZsW.woff2
OK assets/archivo-latin-600-normal-DwYieO8P.woff
OK assets/archivo-latin-700-normal-D9cHMWGj.woff2
OK assets/archivo-latin-700-normal-lT5TFe7H.woff
OK assets/index-BiIags04.css
OK assets/index-DX8zjuCr.js
OK assets/leaflet-BR21qHvO.js
OK assets/rolldown-runtime-QTnfLwEv.js
OK assets/spline-sans-mono-latin-400-normal-739QRW1l.woff
OK assets/spline-sans-mono-latin-400-normal-mUpA6Mve.woff2
OK assets/spline-sans-mono-latin-500-normal-Cy_wwipl.woff2
OK assets/spline-sans-mono-latin-500-normal-DuiJ5LHB.woff
OK assets/spline-sans-mono-latin-600-normal-BrWm9FVc.woff2
OK assets/spline-sans-mono-latin-600-normal-ZCqv2Jod.woff
OK assets/vendor-BfyYE_1x.js
